Test the matrix divided function

>>> import sys
>>> sys.path.insert(1, '../')
>>> lib = __import__("2-matrix_divided")
>>> func = lib.matrix_divided

#Define test matricies
>>> x = [[0,2],[1,2],[4,4],[7,8],[-54,3.2]]
>>> y = [[1,9 + 1j,3],[1.2, "", 1.5]]
>>> z = [[1,2,3],[4,5]]

#Normal checks
>>> func(x, 1)
[[0.0, 2.0], [1.0, 2.0], [4.0, 4.0], [7.0, 8.0], [-54.0, 3.2]]
>>> func(x, 2)
[[0.0, 1.0], [0.5, 1.0], [2.0, 2.0], [3.5, 4.0], [-27.0, 1.6]]


#Type Errors
>>> func(x, "")
Traceback (most recent call last):
...
TypeError: div must be a number

>>> func(y, 2)
Traceback (most recent call last):
...
TypeError: matrix must be a matrix (list of lists) of integers/floats


#unbalanced rows
>>> func(z, 1)
Traceback (most recent call last):
...
TypeError: Each row of the matrix must have the same size
