A test to for the text_indenation function

Import the module
>>> import sys
>>> sys.path.insert(1, '../')
>>> lib = __import__("5-text_indentation")
>>> func = lib.text_indentation

#Normal addition test
>>> func("Lorem Ipsum.?:")
Lorem Ipsum.
<BLANKLINE>
?
<BLANKLINE>
:
<BLANKLINE>


#Type Errors

>>> func(4)
Traceback (most recent call last):
...
TypeError: text must be string
>>> func(12.3)
Traceback (most recent call last):
...
TypeError: text must be string
>>> func([])
Traceback (most recent call last):
...
TypeError: text must be string
>>> func({})
Traceback (most recent call last):
...
TypeError: text must be string
>>> func(1j)
Traceback (most recent call last):
...
TypeError: text must be string
